\BOOKMARK [1][-]{section.1}{\376\377\000I\000n\000t\000r\000o\000d\000u\000c\000t\000i\000o\000n}{}% 1
\BOOKMARK [2][-]{subsection.1.1}{\376\377\000M\000o\000t\000i\000v\000a\000t\000i\000o\000n}{section.1}% 2
\BOOKMARK [2][-]{subsection.1.2}{\376\377\000O\000b\000j\000e\000c\000t\000i\000v\000e\000\040\000a\000n\000d\000\040\000r\000e\000s\000e\000a\000r\000c\000h\000\040\000q\000u\000e\000s\000t\000i\000o\000n\000s}{section.1}% 3
\BOOKMARK [2][-]{subsection.1.3}{\376\377\000C\000o\000n\000t\000r\000i\000b\000u\000t\000i\000o\000n\000s}{section.1}% 4
\BOOKMARK [1][-]{section.2}{\376\377\000T\000h\000e\000\040\000c\000e\000n\000s\000u\000s}{}% 5
\BOOKMARK [2][-]{subsection.2.1}{\376\377\000F\000o\000r\000w\000a\000r\000d\000-\000g\000a\000p\000\040\000l\000a\000y\000e\000r\000s}{section.2}% 6
\BOOKMARK [2][-]{subsection.2.2}{\376\377\000B\000o\000u\000n\000d\000a\000r\000y\000\040\000c\000o\000n\000v\000e\000n\000t\000i\000o\000n}{section.2}% 7
\BOOKMARK [2][-]{subsection.2.3}{\376\377\000A\000r\000i\000t\000h\000m\000e\000t\000i\000c\000\040\000f\000a\000c\000t\000o\000r}{section.2}% 8
\BOOKMARK [1][-]{section.3}{\376\377\000T\000h\000e\000\040\000f\000i\000t\000t\000e\000d\000\040\000d\000e\000c\000a\000y\000\040\000r\000a\000t\000e\000\040\000c\000a\000n\000n\000o\000t\000\040\000s\000e\000t\000t\000l\000e\000\040\000t\000h\000e\000\040\000q\000u\000e\000s\000t\000i\000o\000n}{}% 9
\BOOKMARK [2][-]{subsection.3.1}{\376\377\000T\000h\000e\000\040\000W\000o\000l\000f\000\040\000b\000e\000n\000c\000h\000m\000a\000r\000k\000\040\000i\000s\000\040\000a\000\040\000m\000o\000m\000e\000n\000t\000\040\000e\000s\000t\000i\000m\000a\000t\000o\000r}{section.3}% 10
\BOOKMARK [2][-]{subsection.3.2}{\376\377\000F\000i\000t\000t\000i\000n\000g\000\040\000p\000r\000o\000c\000e\000d\000u\000r\000e}{section.3}% 11
\BOOKMARK [2][-]{subsection.3.3}{\376\377\000R\000e\000s\000u\000l\000t\000s}{section.3}% 12
\BOOKMARK [2][-]{subsection.3.4}{\376\377\000T\000h\000e\000\040\000s\000p\000e\000c\000i\000f\000i\000c\000a\000t\000i\000o\000n\000\040\000g\000r\000i\000d}{section.3}% 13
\BOOKMARK [1][-]{section.4}{\376\377\000W\000i\000n\000d\000o\000w\000-\000f\000r\000e\000e\000\040\000l\000o\000c\000a\000l\000\040\000d\000i\000a\000g\000n\000o\000s\000t\000i\000c\000s}{}% 14
\BOOKMARK [2][-]{subsection.4.1}{\376\377\000D\000i\000f\000f\000e\000r\000e\000n\000c\000i\000n\000g\000\040\000t\000h\000e\000\040\000c\000e\000n\000s\000u\000s}{section.4}% 15
\BOOKMARK [2][-]{subsection.4.2}{\376\377\000R\000e\000s\000u\000l\000t\000s}{section.4}% 16
\BOOKMARK [2][-]{subsection.4.3}{\376\377\000U\000n\000c\000e\000r\000t\000a\000i\000n\000t\000y\000\040\000a\000n\000d\000\040\000s\000i\000g\000n\000i\000f\000i\000c\000a\000n\000c\000e}{section.4}% 17
\BOOKMARK [1][-]{section.5}{\376\377\000S\000p\000a\000t\000i\000a\000l\000\040\000l\000o\000c\000a\000l\000i\000s\000a\000t\000i\000o\000n\000:\000\040\000a\000\040\000d\000e\000r\000i\000v\000e\000d\000\040\000c\000r\000o\000s\000s\000o\000v\000e\000r}{}% 18
\BOOKMARK [2][-]{subsection.5.1}{\376\377\000T\000h\000e\000\040\000r\000e\000l\000a\000t\000i\000v\000e\000\040\000s\000p\000a\000t\000i\000a\000l\000\040\000m\000e\000a\000n}{section.5}% 19
\BOOKMARK [2][-]{subsection.5.2}{\376\377\000A\000\040\000p\000a\000r\000a\000m\000e\000t\000e\000r\000-\000f\000r\000e\000e\000\040\000d\000e\000n\000s\000i\000t\000y\000\040\000m\000o\000d\000e\000l}{section.5}% 20
\BOOKMARK [2][-]{subsection.5.3}{\376\377\000T\000h\000e\000\040\000c\000r\000o\000s\000s\000o\000v\000e\000r}{section.5}% 21
\BOOKMARK [2][-]{subsection.5.4}{\376\377\000T\000h\000e\000\040\000s\000c\000a\000l\000i\000n\000g\000\040\000c\000o\000l\000l\000a\000p\000s\000e}{section.5}% 22
\BOOKMARK [1][-]{section.6}{\376\377\000D\000i\000s\000c\000u\000s\000s\000i\000o\000n}{}% 23
\BOOKMARK [1][-]{section.7}{\376\377\000L\000i\000m\000i\000t\000a\000t\000i\000o\000n\000s}{}% 24
\BOOKMARK [1][-]{section.8}{\376\377\000M\000e\000t\000h\000o\000d\000s\000,\000\040\000v\000e\000r\000i\000f\000i\000c\000a\000t\000i\000o\000n\000\040\000a\000n\000d\000\040\000r\000e\000p\000r\000o\000d\000u\000c\000i\000b\000i\000l\000i\000t\000y}{}% 25
\BOOKMARK [2][-]{subsection.8.1}{\376\377\000T\000h\000e\000\040\000c\000e\000n\000s\000u\000s}{section.8}% 26
\BOOKMARK [2][-]{subsection.8.2}{\376\377\000V\000e\000r\000i\000f\000i\000c\000a\000t\000i\000o\000n}{section.8}% 27
\BOOKMARK [2][-]{subsection.8.3}{\376\377\000A\000n\000\040\000e\000r\000r\000o\000r\000\040\000f\000o\000u\000n\000d\000\040\000b\000y\000\040\000t\000h\000e\000\040\000s\000e\000l\000f\000-\000t\000e\000s\000t}{section.8}% 28
\BOOKMARK [2][-]{subsection.8.4}{\376\377\000S\000o\000f\000t\000w\000a\000r\000e\000\040\000a\000n\000d\000\040\000d\000a\000t\000a}{section.8}% 29
\BOOKMARK [1][-]{section.9}{\376\377\000C\000o\000n\000c\000l\000u\000s\000i\000o\000n}{}% 30
\BOOKMARK [1][-]{appendix.A}{\376\377\000T\000h\000e\000\040\000f\000i\000r\000s\000t\000-\000o\000r\000d\000e\000r\000\040\000e\000x\000p\000a\000n\000s\000i\000o\000n}{}% 31
\BOOKMARK [1][-]{appendix.B}{\376\377\000F\000o\000r\000m\000a\000l\000l\000y\000\040\000v\000e\000r\000i\000f\000i\000e\000d\000\040\000s\000t\000a\000t\000e\000m\000e\000n\000t\000s}{}% 32
\BOOKMARK [1][-]{appendix.C}{\376\377\000R\000e\000g\000i\000s\000t\000e\000r\000\040\000o\000f\000\040\000a\000s\000s\000u\000m\000p\000t\000i\000o\000n\000s}{}% 33
